
> portfolio@0.1.0 build
> next build

Γû▓ Next.js 16.1.1 (Turbopack)
- Environments: .env.local

  Creating an optimized production build ...
Γ£ô Compiled successfully in 2.3s
  Running TypeScript ...
  Collecting page data using 15 workers ...
  Generating static pages using 15 workers (0/15) ...
node.exe : ΓÜá 
metadataBase 
property in metadata 
export is not set 
for resolving social 
open graph or 
twitter images, 
using "http://localho
st:3000". See https:/
/nextjs.org/docs/app/
api-reference/functio
ns/generate-metadata#
metadatabase
At line:1 char:1
+ & "C:\Program Files
\nodejs/node.exe" 
"C:\Program 
Files\nodejs/node_mo 
...
+ ~~~~~~~~~~~~~~~~~~~
~~~~~~~~~~~~~~~~~~~~~
~~~~~~~~~~~~~~~~~~~~~
~~~~~~~~
    + CategoryInfo   
           : NotSpe  
  cified: (ΓÜá met   
 adataBas...ta#me    
tadatabase:Strin    
g) [], RemoteExc    
eption
    + FullyQualified 
   ErrorId : Native  
  CommandError
 
  Generating static pages using 15 workers (3/15) 
  Generating static pages using 15 workers (7/15) 
  Generating static pages using 15 workers (11/15) 
Γ£ô Generating static pages using 15 workers (15/15) in 789.2ms
  Finalizing page optimization ...

Route (app)
Γöî Γùï /
Γö£ Γùï /_not-found
Γö£ Γùï /about
Γö£ Γùï /blog
Γö£ ΓùÅ /blog/[id]
Γöé Γö£ /blog/1736191200002
Γöé Γö£ /blog/1736191200003
Γöé Γö£ /blog/1736191200004
Γöé Γöö /blog/1736191200005
Γö£ Γùï /contact
Γö£ Γùï /work
Γöö ΓùÅ /work/[id]
  Γö£ /work/1
  Γö£ /work/2
  Γöö /work/3


Γùï  (Static)  prerendered as static content
ΓùÅ  (SSG)     prerendered as static HTML (uses generateStaticParams)

